[namor-ia.com/create/index.html]
[backblue.gif]
[fade.gif]
[index.html]
[namor-ia.com/wp-content/themes/hello-elementor/assets/css/resetedb1.css]
[namor-ia.com/wp-content/themes/hello-elementor/assets/css/themeedb1.css]
[namor-ia.com/wp-content/themes/hello-elementor/assets/css/header-footeredb1.css]
[namor-ia.com/wp-content/plugins/elementor/assets/css/frontend.min55cb.css]
[namor-ia.com/wp-content/uploads/elementor/css/post-768fe.css]
[namor-ia.com/wp-content/plugins/elementor/assets/lib/eicons/css/elementor-icons.min2778.css]
[namor-ia.com/wp-content/plugins/elementor-pro/assets/css/frontend.min3fd0.css]
[namor-ia.com/wp-content/uploads/elementor/css/post-913a7.css]
[namor-ia.com/wp-content/uploads/elementor/google-fonts/css/roboto7f5f.css]
[namor-ia.com/wp-content/uploads/elementor/google-fonts/css/robotoslabdc90.css]
[namor-ia.com/wp-includes/js/jquery/jquery.minf43b.js]
[namor-ia.com/wp-includes/js/jquery/jquery-migrate.min5589.js]
[namor-ia.com/wp-content/uploads/2025/07/18_24.jpg]
[namor-ia.com/wp-content/uploads/2025/07/25_34.jpg]
[namor-ia.com/wp-content/uploads/2025/07/35_49.jpg]
[namor-ia.com/wp-content/uploads/2025/07/50_plus.jpg]
[namor-ia.com/wp-content/uploads/2025/07/body_petite.jpg]
[namor-ia.com/wp-content/uploads/2025/07/body_slim.jpg]
[namor-ia.com/wp-content/uploads/2025/07/body_muscular.jpg]
[namor-ia.com/wp-content/uploads/2025/07/body_plus_size.jpg]
[namor-ia.com/wp-content/uploads/2025/07/breast_small.jpg]
[namor-ia.com/wp-content/uploads/2025/07/breast_medium.jpg]
[namor-ia.com/wp-content/uploads/2025/07/breast_large.jpg]
[namor-ia.com/wp-content/uploads/2025/07/breast_huge.jpg]
[namor-ia.com/wp-content/uploads/2025/07/butt_small.jpg]
[namor-ia.com/wp-content/uploads/2025/07/butt_medium.jpg]
[namor-ia.com/wp-content/uploads/2025/07/butt_large.jpg]
[namor-ia.com/wp-content/uploads/2025/07/butt_huge.jpg]
[namor-ia.com/wp-content/uploads/2025/07/asiatica.jpg]
[namor-ia.com/wp-content/uploads/2025/07/latina.jpg]
[namor-ia.com/wp-content/uploads/2025/07/euro.jpg]
[namor-ia.com/wp-content/uploads/2025/07/afro.jpg]
[namor-ia.com/wp-content/uploads/2025/07/eye_brown.jpg]
[namor-ia.com/wp-content/uploads/2025/07/eye_blue.jpg]
[namor-ia.com/wp-content/uploads/2025/07/eye_green.jpg]
[namor-ia.com/wp-content/uploads/2025/07/eye_hazel.jpg]
[namor-ia.com/wp-content/uploads/2025/07/eye_gray.jpg]
[namor-ia.com/wp-content/uploads/2025/07/eye_black.jpg]
[namor-ia.com/wp-content/uploads/2025/07/eye_red.jpg]
[namor-ia.com/wp-content/uploads/2025/07/eye_purple.jpg]
[namor-ia.com/wp-content/uploads/2025/07/eye_amber.jpg]
[namor-ia.com/wp-content/uploads/2025/07/hair_straight.jpg]
[namor-ia.com/wp-content/uploads/2025/07/hair_braids.jpg]
[namor-ia.com/wp-content/uploads/2025/07/hair_bangs.jpg]
[namor-ia.com/wp-content/uploads/2025/07/hair_curly.jpg]
[namor-ia.com/wp-content/uploads/2025/07/hair_bun.jpg]
[namor-ia.com/wp-content/uploads/2025/07/hair_short.jpg]
[namor-ia.com/wp-content/uploads/2025/07/hair_long.jpg]
[namor-ia.com/wp-content/uploads/2025/07/hair_ponytail.jpg]
[namor-ia.com/wp-content/uploads/2025/07/hair_pigtails.jpg]
[namor-ia.com/wp-content/uploads/2025/07/black_hair.jpg]
[namor-ia.com/wp-content/uploads/2025/07/brown_hair.jpg]
[namor-ia.com/wp-content/uploads/2025/07/blonde_hair.jpg]
[namor-ia.com/wp-content/uploads/2025/07/gray_hair.jpg]
[namor-ia.com/wp-content/uploads/2025/07/red_hair.jpg]
[namor-ia.com/wp-content/uploads/2025/07/blue_hair.jpg]
[namor-ia.com/wp-content/uploads/2025/07/purple_hair.jpg]
[namor-ia.com/wp-content/uploads/2025/07/green_hair.jpg]
[namor-ia.com/wp-content/uploads/2025/07/pink_hair.jpg]
[namor-ia.com/wp-content/uploads/2025/07/no-features.jpg]
[namor-ia.com/wp-content/uploads/2025/07/tattoos.jpg]
[namor-ia.com/wp-content/uploads/2025/07/freckles.jpg]
[namor-ia.com/wp-content/uploads/2025/07/tooth_gap.jpg]
[namor-ia.com/wp-content/uploads/2025/07/pronounced-cheekbones.jpg]
[namor-ia.com/wp-content/uploads/2025/07/dimples.jpg]
[namor-ia.com/wp-content/uploads/2025/07/eyelashes.jpg]
[namor-ia.com/wp-content/uploads/2025/07/jawline.jpg]
[namor-ia.com/wp-content/uploads/2025/07/body_hair.jpg]
[namor-ia.com/wp-content/uploads/2025/07/3269492.png]
[namor-ia.com/wp-content/uploads/2025/07/foto_18mais-1.png]
[namor-ia.com/wp-content/uploads/2025/07/estilo_02.jpg]
[namor-ia.com/wp-content/uploads/2025/07/estilo_01.jpg]
[namor-ia.com/wp-content/uploads/2025/07/estilo_03.jpg]
[namor-ia.com/wp-content/uploads/2025/07/estilo_04.jpg]
[namor-ia.com/wp-content/uploads/2025/07/estilo_05.jpg]
[namor-ia.com/wp-content/uploads/2025/07/estilo_06.jpg]
[namor-ia.com/wp-content/uploads/2025/07/estilo_07.jpg]
[namor-ia.com/wp-content/themes/hello-elementor/assets/js/hello-frontendedb1.js]
[namor-ia.com/wp-content/plugins/elementor/assets/js/webpack.runtime.min55cb.js]
[namor-ia.com/wp-content/plugins/elementor/assets/js/frontend-modules.min55cb.js]
[namor-ia.com/wp-includes/js/jquery/ui/core.minb37e.js]
[namor-ia.com/wp-content/plugins/elementor/assets/js/frontend.min55cb.js]
[namor-ia.com/wp-content/plugins/elementor-pro/assets/js/webpack-pro.runtime.min3fd0.js]
[namor-ia.com/wp-includes/js/dist/hooks.min4fdd.js]
[namor-ia.com/wp-includes/js/dist/i18n.minc33c.js]
[namor-ia.com/wp-content/plugins/elementor-pro/assets/js/frontend.min3fd0.js]
[namor-ia.com/create/index.html]
[namor-ia.com/wp-content/themes/hello-elementor/assets/css/resetedb1.css]
[namor-ia.com/wp-content/themes/hello-elementor/assets/css/themeedb1.css]
[namor-ia.com/wp-content/themes/hello-elementor/assets/css/header-footeredb1.css]
[namor-ia.com/wp-content/plugins/elementor/assets/css/frontend.min55cb.css]
[namor-ia.com/wp-content/uploads/elementor/css/post-768fe.css]
[namor-ia.com/wp-content/plugins/elementor/assets/lib/eicons/css/elementor-icons.min2778.css]
[namor-ia.com/wp-content/plugins/elementor-pro/assets/css/frontend.min3fd0.css]
[namor-ia.com/wp-content/uploads/elementor/css/post-913a7.css]
[namor-ia.com/wp-content/uploads/elementor/google-fonts/css/roboto7f5f.css]
[namor-ia.com/wp-content/uploads/elementor/google-fonts/css/robotoslabdc90.css]
[namor-ia.com/wp-includes/js/jquery/jquery.minf43b.js]
[namor-ia.com/wp-includes/js/jquery/jquery-migrate.min5589.js]
[namor-ia.com/wp-content/uploads/2025/07/estilo_08.html]
[namor-ia.com/wp-content/uploads/2025/07/estilo_09.html]
[namor-ia.com/wp-content/themes/hello-elementor/assets/js/hello-frontendedb1.js]
[namor-ia.com/wp-content/plugins/elementor/assets/js/webpack.runtime.min55cb.js]
[namor-ia.com/wp-content/plugins/elementor/assets/js/frontend-modules.min55cb.js]
[namor-ia.com/wp-includes/js/jquery/ui/core.minb37e.js]
[namor-ia.com/wp-content/plugins/elementor/assets/js/frontend.min55cb.js]
[namor-ia.com/wp-content/plugins/elementor-pro/assets/js/webpack-pro.runtime.min3fd0.js]
[namor-ia.com/wp-includes/js/dist/hooks.min4fdd.js]
[namor-ia.com/wp-includes/js/dist/i18n.minc33c.js]
[namor-ia.com/wp-content/plugins/elementor-pro/assets/js/frontend.min3fd0.js]
[namor-ia.com/wp-content/plugins/elementor-pro/assets/js/preloaded-elements-handlers.min3fd0.js]
[namor-ia.com/wp-content/plugins/elementor-pro/assets/js/preloaded-elements-handlers.min3fd0.js]
[namor-ia.com/create/OPR/index.html]
[namor-ia.com/create/document.html]
